line 2: BaseTy(reason=BuiltinReason(name='int'), name='int')
