line 2: BaseTy(reason=BuiltinReason(name='str'), name='str')
