(Program
  (LetPlainStmt
    (Ident 'foo')
    (IntLiteral 1))
  (LetFuncStmt
    (Ident 'foo')
    (Ident 'bar')
    (LetInExpr
      (LetPlainStmt
        (Ident 'baz')
        (IntLiteral 3))
      (Ident 'bar'))))
