(Program
  (ValStmt
    (Ident 'foo')
    (TypeExprAtom
      (Ident 'int')))
  (TypeStmt
    (Ident 'foo')
    (TypeExprAtom
      (Ident 'int')))
  (TypeStmt
    (Ident 'bar')
    (TupleTypeExpr
      (TypeExprAtom
        (Ident 'int'))
      (TypeExprAtom
        (Ident 'int'))))
  (TypeStmt
    (Ident 'baz')
    (RecordTypeExpr
      (RecordField
        (Ident 'qux')
        (TypeExprAtom
          (Ident 'int')))))
  (TypeStmt
    (Ident 'grault')
    (RecordTypeExpr
      (RecordField
        (Ident 'xyzzy')
        (TypeExprAtom
          (Ident 'int')))
      (RecordField
        (Ident 'plugh')
        (TypeExprAtom
          (Ident 'int'))))))
