SyntaxTree
    IdentifierExpr
        Token 'foo'
    Leading ' bar\n'
    Token EOF ''
