SyntaxTree
    BinaryExpr
        BinaryExpr
            IntLiteralExpr
                Token '1'
            Leading ' '
            Token '+'
            IntLiteralExpr
                Leading ' '
                Token '2'
        Leading ' '
        Token '-'
        IntLiteralExpr
            Leading ' '
            Token '3'
            Trailing '\n'
    Token EOF ''
