SyntaxTree
    FunctionCallExpr
        IdentifierExpr
            Token 'print'
        ArgumentList
            Token '('
            Trailing '\n'
            <missing>
    Token ''
