SyntaxTree
    LetExpr
        Token 'let'
        VariablePattern
            Leading ' '
            Token 'foo'
        <missing>
        Leading ' '
        Token '='
        FunctionCallExpr
            IdentifierExpr
                Leading ' '
                Token 'foo'
            ArgumentList
                Token '('
                Trailing '\n'
                Argument
                    BinaryExpr
                        IdentifierExpr
                            Leading '  '
                            Token 'bar'
                            Trailing '\n'
                        Token DUMMY_SEMICOLON ''
                        IdentifierExpr
                            Leading '  '
                            Token 'baz'
                    <missing>
                Leading ' qux'
                Token ')'
                Trailing '\n'
        Token DUMMY_IN ''
        <missing>
    Token EOF ''
