SyntaxTree
    DefExpr
        Token 'def'
        Token 'print_fst'
        ParameterList
            Token '('
            Parameter
                VariablePattern
                    Token 'x'
                Token ','
            Parameter
                VariablePattern
                    Leading ' '
                    Token 'y'
                <missing>
            Token ')'
        Leading ' '
        Token '=>'
        Trailing '\n'
        FunctionCallExpr
            IdentifierExpr
                Leading '  '
                Token 'print'
            ArgumentList
                Token '('
                Argument
                    IdentifierExpr
                        Token 'x'
                    <missing>
                Token ')'
                Trailing '\n'
                Trailing '\n'
        Token DUMMY_IN_FOR_LET ''
        DefExpr
            Token 'def'
            Token 'print_snd'
            ParameterList
                Token '('
                Parameter
                    VariablePattern
                        Token 'x'
                    Token ','
                Parameter
                    VariablePattern
                        Leading ' '
                        Token 'y'
                    <missing>
                Token ')'
            Leading ' '
            Token '=>'
            FunctionCallExpr
                IdentifierExpr
                    Leading ' '
                    Token 'print'
                ArgumentList
                    Token '('
                    Argument
                        IdentifierExpr
                            Token 'y'
                        <missing>
                    Token ')'
                    Trailing '\n'
            Token DUMMY_IN_FOR_LET ''
            <missing>
    Token EOF ''
