SyntaxTree
    LetExpr
        Token 'let'
        <missing>
        <missing>
        <missing>
        <missing>
        Leading '!'
        Leading 'f'
        Leading '/'
        Leading 'o'
        Leading ' ='
        Leading ' print'
        Leading '@'
        Token DUMMY_IN ''
        LetExpr
            Token 'let'
            <missing>
            <missing>
            <missing>
            <missing>
            Token DUMMY_IN ''
            <missing>
    Token EOF ''
