SyntaxTree
    LetExpr
        Token 'let'
        VariablePattern
            Leading ' '
            Token 'foo'
        <missing>
        Leading ' '
        Token '='
        FunctionCallExpr
            IdentifierExpr
                Leading ' '
                Token 'letprint'
            ArgumentList
                Token '('
                Argument
                    IntLiteralExpr
                        Token '1'
                    <missing>
                Leading 'let'
                Leading ''
                Token ')'
                Trailing '\n'
        Token DUMMY_IN ''
        <missing>
    Token EOF ''
