SyntaxTree
    LetExpr
        Token 'let'
        <missing>
        <missing>
        <missing>
        <missing>
        Leading ' let'
        Leading ' ='
        Leading ' print'
        Leading '('
        Leading '1'
        Leading ')\n'
        Leading ''
        Token DUMMY_IN ''
        <missing>
    Token EOF ''
