SyntaxTree
    LetExpr
        Token 'let'
        VariablePattern
            Leading ' '
            Token 'foo'
        Leading ' '
        Token '='
        FunctionCallExpr
            IdentifierExpr
                Leading ' '
                Token 'print'
            ArgumentList
                Token '('
                Argument
                    IntLiteralExpr
                        Token '1'
                    <missing>
                <missing>
        Leading '!\n'
        Token DUMMY_IN_FOR_LET ''
        <missing>
    Token EOF ''
