SyntaxTree
    IfExpr
        Token 'if'
        IdentifierExpr
            Leading ' '
            Token 'True'
            Trailing '\n'
        Token 'then'
        Trailing '\n'
        IfExpr
            Leading '  '
            Token 'if'
            IdentifierExpr
                Leading ' '
                Token 'False'
                Trailing '\n'
            Leading '  '
            Token 'then'
            IntLiteralExpr
                Leading ' '
                Token '1'
                Trailing '\n'
            <missing>
            <missing>
            Token DUMMY_ENDIF ''
        Token 'else'
        IntLiteralExpr
            Leading ' '
            Token '2'
            Trailing '\n'
        Token DUMMY_ENDIF ''
    Token EOF ''
