SyntaxTree
    LetExpr
        Token 'let'
        VariablePattern
            Leading ' '
            Token 'foo'
        <missing>
        Leading ' '
        Token '='
        Trailing '\n'
        FunctionCallExpr
            IdentifierExpr
                Leading '    '
                Token 'bar'
            ArgumentList
                Token '('
                Trailing '\n'
                Trailing '\n'
                Argument
                    IdentifierExpr
                        Leading '        '
                        Token 'baz'
                        Trailing '\n'
                        Trailing '\n'
                    <missing>
                Leading '    '
                Token ')'
                Trailing '\n'
        Token DUMMY_IN ''
        <missing>
    Token EOF ''
