SyntaxTree
    LetExpr
        Token 'let'
        Trailing '\n'
        <missing>
        <missing>
        <missing>
        <missing>
    Token ''
