SyntaxTree
    LetExpr
        Token 'let'
        VariablePattern
            Leading ' '
            Token 'foo'
        Leading ' '
        Token '='
        Trailing '\n'
        IntLiteralExpr
            Leading '    '
            Token '1'
            Trailing '\n'
        Token DUMMY_IN_FOR_LET ''
        <missing>
    Token EOF ''
