SyntaxTree
    LetExpr
        Token 'let'
        VariablePattern
            Leading ' '
            Token 'foo'
        Leading ' '
        Token '='
        Trailing '\n'
        LetExpr
            Leading '    '
            Token 'let'
            VariablePattern
                Leading ' '
                Token 'bar'
            Leading ' '
            Token '='
            Trailing '\n'
            IntLiteralExpr
                Leading '        '
                Token '1'
                Trailing '\n'
            Token DUMMY_IN ''
            IdentifierExpr
                Leading '    '
                Token 'bar'
                Trailing '\n'
                Trailing '\n'
        Token DUMMY_IN ''
        LetExpr
            Token 'let'
            VariablePattern
                Leading ' '
                Token 'baz'
            Leading ' '
            Token '='
            IntLiteralExpr
                Leading ' '
                Token '3'
                Trailing '\n'
            Token DUMMY_IN ''
            <missing>
    Token EOF ''
