SyntaxTree
    <missing>
    Leading '  '
    Token EOF ''
