SyntaxTree
    <missing>
    Leading '\n'
    Leading '\n'
    Token EOF ''
