SyntaxTree
    <missing>
    Leading ' '
    Leading '\n'
    Leading ' '
    Leading '\n'
    Token EOF ''
