SyntaxTree
    <missing>
    Token EOF ''
    Trailing '\n'
