SyntaxTree
    FunctionCallExpr
        IdentifierExpr
            Token 'print'
        ArgumentList
            Token '('
            Argument
                StringLiteralExpr
                    Token '"foo"'
                <missing>
            Token ')'
            Trailing '\n'
    Token EOF ''
