leading whitespace '  '
identifier 'foo'
trailing newline '\n'
