identifier 'foo'
trailing newline '\n'
the end of the file
