leading whitespace ' '
leading newline '\n'
leading whitespace ' '
leading newline '\n'
the end of the file
