'let'
leading whitespace ' '
identifier 'foo'
leading whitespace ' '
'='
trailing newline '\n'
leading whitespace '  '
'let'
leading whitespace ' '
identifier 'bar'
leading whitespace ' '
'='
trailing newline '\n'
leading whitespace '    '
'let'
leading whitespace ' '
identifier 'baz'
leading whitespace ' '
'='
leading whitespace ' '
integer literal '1'
trailing newline '\n'
the end of a 'let' binding
leading whitespace '    '
identifier 'baz'
trailing newline '\n'
the end of a 'let' binding
the end of a 'let' binding
identifier 'foo'
trailing newline '\n'
the end of the file
