'let'
leading whitespace ' '
identifier 'foo'
leading whitespace ' '
'='
trailing newline '\n'
leading whitespace '  '
identifier 'bar'
'('
trailing newline '\n'
leading whitespace '    '
identifier 'baz'
','
trailing newline '\n'
leading whitespace '    '
'let'
leading whitespace ' '
identifier 'qux'
leading whitespace ' '
'='
leading whitespace ' '
integer literal '1'
trailing newline '\n'
the end of a 'let' binding
leading whitespace '    '
identifier 'qux'
','
leading whitespace ' '
identifier 'grault'
trailing newline '\n'
the end of a statement
leading whitespace '    '
identifier 'xyzzy'
','
trailing newline '\n'
leading whitespace '    '
identifier 'plugh'
trailing newline '\n'
leading whitespace '  '
')'
trailing newline '\n'
the end of a 'let' binding
the end of the file
