'let'
leading whitespace ' '
identifier 'foo'
leading whitespace ' '
'='
trailing newline '\n'
leading whitespace '    '
'let'
leading whitespace ' '
identifier 'bar'
leading whitespace ' '
'='
leading whitespace ' '
identifier 'baz'
'('
trailing newline '\n'
leading whitespace '  '
integer literal '1'
trailing newline '\n'
')'
trailing newline '\n'
the end of a 'let' binding
the end of a 'let' binding
the end of the file
