string literal '"foo\\\\\\"bar"'
trailing newline '\n'
the end of the file
